******************************************************************************
                  TI ARM Linker PC v20.2.4                     
******************************************************************************
>> Linked Fri Aug 20 14:37:14 2021

OUTPUT FILE NAME:   <Hydra.out>
ENTRY POINT SYMBOL: "resetISR"  address: 00006635


MEMORY CONFIGURATION

         name            origin    length      used     unused   attr    fill
----------------------  --------  ---------  --------  --------  ----  --------
  FLASH                 00000000   00020000  00009c51  000163af  R  X
  SRAM                  20000000   00005000  00001484  00003b7c  RW X


SEGMENT ALLOCATION MAP

run origin  load origin   length   init length attrs members
----------  ----------- ---------- ----------- ----- -------
00000000    00000000    00009999   00009999    r-x
  00000000    00000000    000000c8   000000c8    r-- .intvecs
  000000c8    000000c8    0000683c   0000683c    r-x .text
  00006904    00006904    00003095   00003095    r-- .const
0000999c    0000999c    00000008   00000008    rw-
  0000999c    0000999c    00000008   00000008    rw- .args
000099a8    000099a8    00000258   00000258    r--
  000099a8    000099a8    00000258   00000258    r-- .cinit
0001ffa8    0001ffa8    00000058   00000058    r--
  0001ffa8    0001ffa8    00000058   00000058    r-- .ccfg
20000000    20000000    00000fc0   00000000    rw-
  20000000    20000000    0000080c   00000000    rw- .data
  20000810    20000810    000006b0   00000000    rw- .bss
  20000ec0    20000ec0    00000100   00000000    rw- .sysmem
20001000    20001000    000000c8   00000000    rw-
  20001000    20001000    000000c8   00000000    rw- .vtable_ram
20004c00    20004c00    00000400   00000000    rw-
  20004c00    20004c00    00000400   00000000    rw- .stack


SECTION ALLOCATION MAP

 output                                  attributes/
section   page    origin      length       input sections
--------  ----  ----------  ----------   ----------------
.intvecs   0    00000000    000000c8     
                  00000000    000000c8     nortos_cc13x0.aem3 : startup_cc13xx_cc26xx_ccs.oem3 (.intvecs)

.text      0    000000c8    0000683c     
                  000000c8    00000648     EasyLink_nortos.obj (.text:EasyLink_init)
                  00000710    0000048c     rf_multiMode_cc13x0.aem3 : RFCC26XX_multiMode.oem3 (.text:RF_fsmActiveState)
                  00000b9c    0000030c     drivers_cc13x0.aem3 : PowerCC26XX_calibrateRCOSC.oem3 (.text:PowerCC26XX_auxISR)
                  00000ea8    00000288     rf_multiMode_cc13x0.aem3 : RFCC26XX_multiMode.oem3 (.text:RF_scheduleCmd)
                  00001130    00000238     driverlib.lib : sys_ctrl.obj (.text:NOROM_SysCtrlSetRechargeBeforePowerDown)
                  00001368    00000224     drivers_cc13x0.aem3 : PowerCC26XX.oem3 (.text:Power_sleep)
                  0000158c    000001fc     EasyLink_nortos.obj (.text:EasyLink_transmitAsync)
                  00001788    000001d8     rf_multiMode_cc13x0.aem3 : RFCC26XX_multiMode.oem3 (.text:RF_open)
                  00001960    000001b0     drivers_cc13x0.aem3 : PINCC26XX.oem3 (.text:PIN_init)
                  00001b10    00000190                         : PowerCC26XX_calibrateRCOSC.oem3 (.text:PowerCC26XX_doCalibrate)
                  00001ca0    00000154     rf_multiMode_cc13x0.aem3 : RFCC26XX_multiMode.oem3 (.text:RF_fsmSetupState)
                  00001df4    00000154     rfEasyLinkTx_nortos.obj (.text:mainThread)
                  00001f48    00000134     rf_multiMode_cc13x0.aem3 : RFCC26XX_multiMode.oem3 (.text:RF_abortCmd)
                  0000207c    00000128     smartrf_settings.obj (.text:rf_patch_rfe_genfsk)
                  000021a4    00000128     smartrf_settings_predefined.obj (.text:rf_patch_rfe_genfsk)
                  000022cc    00000128     smartrf_settings_predefined.obj (.text:rf_patch_rfe_lrm)
                  000023f4    00000128     smartrf_settings_predefined.obj (.text:rf_patch_rfe_sl_longrange)
                  0000251c    00000124     driverlib.lib : setup_rom.obj (.text:NOROM_SetupAfterColdResetWakeupFromShutDownCfg3)
                  00002640    00000124     rf_multiMode_cc13x0.aem3 : RFCC26XX_multiMode.oem3 (.text:RF_dispatchNextCmd)
                  00002764    00000118                              : RFCC26XX_multiMode.oem3 (.text:RF_radioOpDoneCb)
                  0000287c    00000114     drivers_cc13x0.aem3 : PowerCC26XX.oem3 (.text:Power_init)
                  00002990    00000110                         : PINCC26XX.oem3 (.text:PINCC26XX_setIoCfg)
                  00002aa0    00000110     rf_multiMode_cc13x0.aem3 : RFCC26XX_multiMode.oem3 (.text:RF_close)
                  00002bb0    00000100     nortos_cc13x0.aem3 : PowerCC26XX_nortos.oem3 (.text:PowerCC26XX_standbyPolicy)
                  00002cb0    000000f0     driverlib.lib : setup_rom.obj (.text:NOROM_SetupAfterColdResetWakeupFromShutDownCfg2)
                  00002da0    000000e8     rf_multiMode_cc13x0.aem3 : RFCC26XX_multiMode.oem3 (.text:RF_fsmPowerUpState)
                  00002e88    000000d8     nortos_cc13x0.aem3 : SwiP_nortos.oem3 (.text:SwiP_construct)
                  00002f60    000000d4     driverlib.lib : rfc.obj (.text:NOROM_RFCRfTrimRead)
                  00003034    000000d4     rf_multiMode_cc13x0.aem3 : RFCC26XX_multiMode.oem3 (.text:RF_pendCmd)
                  00003108    000000cc     driverlib.lib : rfc.obj (.text:NOROM_RFCRTrim)
                  000031d4    000000cc     rf_multiMode_cc13x0.aem3 : RFCC26XX_multiMode.oem3 (.text:RF_swiHw)
                  000032a0    000000c8     driverlib.lib : setup.obj (.text:TrimAfterColdResetWakeupFromShutDown)
                  00003368    000000c4     smartrf_settings_predefined.obj (.text:rf_patch_mce_sl_longrange)
                  0000342c    000000bc     drivers_cc13x0.aem3 : PowerCC26XX.oem3 (.text:Power_releaseDependency)
                  000034e8    000000b8     rf_multiMode_cc13x0.aem3 : RFCC26XX_multiMode.oem3 (.text:RF_postCmd)
                  000035a0    000000b4     drivers_cc13x0.aem3 : PowerCC26XX.oem3 (.text:Power_setDependency)
                  00003654    000000b0     rf_multiMode_cc13x0.aem3 : RFCC26XX_multiMode.oem3 (.text:RF_hwiCpe0Active)
                  00003704    000000b0     nortos_cc13x0.aem3 : TimerPCC26XX_nortos.oem3 (.text:TimerP_construct)
                  000037b4    000000ac     EasyLink_nortos.obj (.text:txDoneCallback)
                  00003860    000000a8     nortos_cc13x0.aem3 : ClockPTimer_nortos.oem3 (.text:ClockP_workFuncDynamic)
                  00003908    000000a8     driverlib.lib : setup.obj (.text:NOROM_SetupTrimDevice)
                  000039b0    000000a8     rf_multiMode_cc13x0.aem3 : RFCC26XX_multiMode.oem3 (.text:RF_ratRestartChannels)
                  00003a58    000000a4     EasyLink_nortos.obj (.text:EasyLink_abort)
                  00003afc    000000a4     driverlib.lib : setup_rom.obj (.text:NOROM_SetupAfterColdResetWakeupFromShutDownCfg1)
                  00003ba0    000000a4     drivers_cc13x0.aem3 : PowerCC26XX.oem3 (.text:switchXOSCHFclockFunc)
                  00003c44    000000a4     rfEasyLinkTx_nortos.obj (.text:txDoneCb)
                  00003ce8    000000a0     drivers_cc13x0.aem3 : PINCC26XX.oem3 (.text:PIN_open)
                  00003d88    000000a0     nortos_cc13x0.aem3 : SwiP_nortos.oem3 (.text:SwiP_dispatch)
                  00003e28    0000009c                        : ClockPTimer_nortos.oem3 (.text:ClockP_startup)
                  00003ec4    0000009c     rf_multiMode_cc13x0.aem3 : RFCC26XX_multiMode.oem3 (.text:RF_calculateDispatchTime)
                  00003f60    0000009c     rtsv7M3_T_le_eabi.lib : memcpy_t2.asm.obj (.text)
                  00003ffc    00000098     nortos_cc13x0.aem3 : SemaphoreP_nortos.oem3 (.text:SemaphoreP_pend)
                  00004094    00000098     smartrf_settings.obj (.text:configureGenfskPatch)
                  0000412c    00000098     smartrf_settings_predefined.obj (.text:configureGenfskPatch)
                  000041c4    00000098     smartrf_settings_predefined.obj (.text:configureLrmPatch)
                  0000425c    00000098     smartrf_settings_predefined.obj (.text:configureSlLongrangePatch)
                  000042f4    00000096     rtsv7M3_T_le_eabi.lib : ull_div_t2.asm.obj (.text)
                  0000438a    00000002     driverlib.lib : interrupt.obj (.text:IntDefaultHandler)
                  0000438c    00000090     rf_multiMode_cc13x0.aem3 : RFCC26XX_multiMode.oem3 (.text:RF_discardPendCmd)
                  0000441c    00000084     CC1310_LAUNCHXL_fxns.obj (.text:CC1310_LAUNCHXL_sendExtFlashByte)
                  000044a0    00000084     rf_multiMode_cc13x0.aem3 : RFCC26XX_multiMode.oem3 (.text:RF_issueRadioFreeCb)
                  00004524    00000080     nortos_cc13x0.aem3 : ClockPTimer_nortos.oem3 (.text:ClockP_start)
                  000045a4    0000007e     rf_multiMode_cc13x0.aem3 : RFCC26XX_multiMode.oem3 (.text:RF_verifyGap)
                  00004622    00000002                              : RFCC26XX_multiMode.oem3 (.text:RF_defaultCallback)
                  00004624    0000007c                              : RFCC26XX_multiMode.oem3 (.text:RF_ratFreeChannel)
                  000046a0    0000007a     rtsv7M3_T_le_eabi.lib : memset_t2.asm.obj (.text)
                  0000471a    00000002     nortos_cc13x0.aem3 : SemaphoreP_nortos.oem3 (.text:SemaphoreP_destruct)
                  0000471c    00000078                        : HwiPCC26XX_nortos.oem3 (.text:HwiP_construct)
                  00004794    00000074                        : ClockPTimer_nortos.oem3 (.text:ClockP_walkQueueDynamic)
                  00004808    00000074     driverlib.lib : setup_rom.obj (.text:NOROM_SetupSetVddrLevel)
                  0000487c    00000070     rf_multiMode_cc13x0.aem3 : RFCC26XX_multiMode.oem3 (.text:RF_hwiHw)
                  000048ec    00000070     nortos_cc13x0.aem3 : TimerPCC26XX_nortos.oem3 (.text:TimerP_start)
                  0000495c    0000006c     drivers_cc13x0.aem3 : PowerCC26XX_calibrateRCOSC.oem3 (.text:PowerCC26XX_initiateCalibration)
                  000049c8    0000006c     rf_multiMode_cc13x0.aem3 : RFCC26XX_multiMode.oem3 (.text:RF_initRadioSetup)
                  00004a34    00000068     driverlib.lib : setup_rom.obj (.text:NOROM_SetupGetTrimForAmpcompCtrl)
                  00004a9c    00000068                   : setup_rom.obj (.text:NOROM_SetupGetTrimForAnabypassValue1)
                  00004b04    00000068                   : sys_ctrl.obj (.text:NOROM_SysCtrlAdjustRechargeAfterPowerDown)
                  00004b6c    00000068                   : sys_ctrl.obj (.text:NOROM_SysCtrl_DCDC_VoltageConditionalControl)
                  00004bd4    00000068     nortos_cc13x0.aem3 : SwiP_nortos.oem3 (.text:SwiP_post)
                  00004c3c    00000068     rtsv7M3_T_le_eabi.lib : copy_decompress_lzss.c.obj (.text:decompress:lzss:__TI_decompress_lzss)
                  00004ca4    00000068     drivers_cc13x0.aem3 : PowerCC26XX.oem3 (.text:lfClockReadyCallback)
                  00004d0c    00000064     driverlib.lib : osc.obj (.text:NOROM_OSCHF_AttemptToSwitchToXosc)
                  00004d70    00000064     rf_multiMode_cc13x0.aem3 : RFCC26XX_multiMode.oem3 (.text:RF_checkForPreemption)
                  00004dd4    00000064                              : RFCC26XX_multiMode.oem3 (.text:RF_dispatchNextEvent)
                  00004e38    00000064     drivers_cc13x0.aem3 : PowerCC26XX.oem3 (.text:configureXOSCHF)
                  00004e9c    00000060     nortos_cc13x0.aem3 : ClockPTimer_nortos.oem3 (.text:ClockP_usleep)
                  00004efc    00000060     driverlib.lib : osc.obj (.text:NOROM_OSCClockSourceSet)
                  00004f5c    00000060     drivers_cc13x0.aem3 : PowerCC26XX.oem3 (.text:PowerCC26XX_calibrate)
                  00004fbc    00000060     rf_multiMode_cc13x0.aem3 : RFCC26XX_multiMode.oem3 (.text:RF_getCurrentTime)
                  0000501c    00000060     EasyLink_nortos.obj (.text:calculateCmdTime)
                  0000507c    0000005c     drivers_cc13x0.aem3 : PowerCC26XX_calibrateRCOSC.oem3 (.text:PowerCC26XX_RCOSC_clockFunc)
                  000050d8    0000005c     rf_multiMode_cc13x0.aem3 : RFCC26XX_multiMode.oem3 (.text:RF_hwiCpe0PowerFsm)
                  00005134    0000005c                              : RFCC26XX_multiMode.oem3 (.text:RF_syncCb)
                  00005190    0000005a     EasyLink_nortos.obj (.text:createTxAdvFromTx)
                  000051ea    00000002     rtsv7M3_T_le_eabi.lib : _lock.c.obj (.text:_nop)
                  000051ec    00000058     drivers_cc13x0.aem3 : PINCC26XX.oem3 (.text:PIN_remove)
                  00005244    00000058     rf_multiMode_cc13x0.aem3 : RFCC26XX_multiMode.oem3 (.text:RF_cmdDispatchTime)
                  0000529c    00000054                              : RFCC26XX_multiMode.oem3 (.text:RF_applyRfCorePatch)
                  000052f0    00000050     driverlib.lib : setup_rom.obj (.text:NOROM_SetupSetCacheModeAccordingToCcfgSetting)
                  00005340    00000050     rf_multiMode_cc13x0.aem3 : RFCC26XX_multiMode.oem3 (.text:RF_fsmXOSCState)
                  00005390    00000050                              : RFCC26XX_multiMode.oem3 (.text:RF_wakeupNotification)
                  000053e0    00000050     nortos_cc13x0.aem3 : SemaphoreP_nortos.oem3 (.text:SemaphoreP_construct)
                  00005430    0000004c     CC1310_LAUNCHXL_fxns.obj (.text:CC1310_LAUNCHXL_wakeUpExtFlash)
                  0000547c    00000048     nortos_cc13x0.aem3 : ClockPTimer_nortos.oem3 (.text:ClockP_construct)
                  000054c4    00000044                        : SwiP_nortos.oem3 (.text:SwiP_restore)
                  00005508    00000044     rtsv7M3_T_le_eabi.lib : autoinit.c.obj (.text:__TI_auto_init_nobinit_nopinit:__TI_auto_init_nobinit_nopinit)
                  0000554c    00000040     CC1310_LAUNCHXL_fxns.obj (.text:CC1310_LAUNCHXL_shutDownExtFlash)
                  0000558c    00000040     driverlib.lib : chipinfo.obj (.text:NOROM_ChipInfo_GetHwRevision)
                  000055cc    00000040     drivers_cc13x0.aem3 : PINCC26XX.oem3 (.text:PIN_swi)
                  0000560c    0000003c     driverlib.lib : osc.obj (.text:NOROM_OSC_HPOSCRelativeFrequencyOffsetGet)
                  00005648    0000003c                   : rfc.obj (.text:NOROM_RFCSynthPowerDown)
                  00005684    0000003c     drivers_cc13x0.aem3 : PowerCC26XX.oem3 (.text:PowerCC26XX_isStableXOSC_HF)
                  000056c0    0000003c     rf_multiMode_cc13x0.aem3 : RFCC26XX_multiMode.oem3 (.text:RF_cmdGet)
                  000056fc    0000003c                              : RFCC26XX_multiMode.oem3 (.text:RF_cmdStoreEvents)
                  00005738    0000003c     nortos_cc13x0.aem3 : SemaphoreP_nortos.oem3 (.text:SemaphoreP_post)
                  00005774    0000003c     drivers_cc13x0.aem3 : PowerCC26XX.oem3 (.text:disableLfClkQualifiersEnableClkLoss)
                  000057b0    00000038                         : PINCC26XX.oem3 (.text:PIN_setConfig)
                  000057e8    00000038                         : PINCC26XX.oem3 (.text:PIN_setOutputValue)
                  00005820    00000038     rf_multiMode_cc13x0.aem3 : RFCC26XX_multiMode.oem3 (.text:RF_checkCmdFsError)
                  00005858    00000038                              : RFCC26XX_multiMode.oem3 (.text:RF_powerConstraintRelease)
                  00005890    00000036     nortos_cc13x0.aem3 : TimerPCC26XX_nortos.oem3 (.text:TimerP_setNextTick)
                  000058c6    00000002                        : SemaphoreP_nortos.oem3 (.text:clkFxn)
                  000058c8    00000034                        : ClockPTimer_nortos.oem3 (.text:ClockP_getTicksUntilInterrupt)
                  000058fc    00000034     driverlib.lib : interrupt.obj (.text:NOROM_IntRegister)
                  00005930    00000034                   : osc.obj (.text:NOROM_OSCHF_SwitchToRcOscTurnOffXosc)
                  00005964    00000034     drivers_cc13x0.aem3 : PowerCC26XX.oem3 (.text:Power_releaseConstraint)
                  00005998    00000034     nortos_cc13x0.aem3 : SwiP_nortos.oem3 (.text:SwiP_destruct)
                  000059cc    00000034                        : TimerPCC26XX_nortos.oem3 (.text:TimerP_initDevice)
                  00005a00    00000034     drivers_cc13x0.aem3 : PowerCC26XX.oem3 (.text:notify)
                  00005a34    00000034     rtsv7M3_T_le_eabi.lib : rand.c.obj (.text:rand)
                  00005a68    00000030     driverlib.lib : chipinfo.obj (.text:NOROM_ChipInfo_GetChipType)
                  00005a98    00000030                   : setup_rom.obj (.text:NOROM_SetupSetAonRtcSubSecInc)
                  00005ac8    00000030     drivers_cc13x0.aem3 : PowerCC26XX.oem3 (.text:Power_setConstraint)
                  00005af8    00000030     nortos_cc13x0.aem3 : TimerPCC26XX_nortos.oem3 (.text:TimerP_getCurrentTick)
                  00005b28    00000030                        : TimerPCC26XX_nortos.oem3 (.text:TimerP_setThreshold)
                  00005b58    0000002e     rf_multiMode_cc13x0.aem3 : RFCC26XX_multiMode.oem3 (.text:RF_queueEnd)
                  00005b86    00000002     drivers_cc13x0.aem3 : PowerCC26XX.oem3 (.text:emptyClockFunc)
                  00005b88    0000002c     nortos_cc13x0.aem3 : HwiPCC26XX_nortos.oem3 (.text:HwiP_dispatch)
                  00005bb4    0000002c     driverlib.lib : ddi.obj (.text:NOROM_DDI32RegWrite)
                  00005be0    0000002c                   : osc.obj (.text:NOROM_OSCClockSourceGet)
                  00005c0c    0000002c                   : rfc.obj (.text:NOROM_RFCCpePatchReset)
                  00005c38    0000002c                   : setup_rom.obj (.text:NOROM_SetupGetTrimForRadcExtCfg)
                  00005c64    0000002c     rf_multiMode_cc13x0.aem3 : RFCC26XX_multiMode.oem3 (.text:RF_calculateDeltaTimeUs)
                  00005c90    0000002c                              : RFCC26XX_multiMode.oem3 (.text:RF_executeDirectImmediateCmd)
                  00005cbc    00000028     EasyLink_nortos.obj (.text:EasyLink_getAbsTime)
                  00005ce4    00000028     driverlib.lib : aon_batmon.obj (.text:NOROM_AONBatMonTemperatureGetDegC)
                  00005d0c    00000028                   : rfc.obj (.text:NOROM_RFCDoorbellSendTo)
                  00005d34    00000028                   : rfc.obj (.text:NOROM_RFCOverrideSearch)
                  00005d5c    00000028     drivers_cc13x0.aem3 : PowerCC26XX.oem3 (.text:Power_registerNotify)
                  00005d84    00000028     rf_multiMode_cc13x0.aem3 : RFCC26XX_multiMode.oem3 (.text:RF_runCmd)
                  00005dac    00000028     driverlib.lib : adi.obj (.text:SafeHapiVoid)
                  00005dd4    00000024     nortos_cc13x0.aem3 : ClockPTimer_nortos.oem3 (.text:ClockP_getTicks)
                  00005df8    00000024                        : ClockPTimer_nortos.oem3 (.text:ClockP_scheduleNextTick)
                  00005e1c    00000024     drivers_cc13x0.aem3 : List.oem3 (.text:List_remove)
                  00005e40    00000024                         : PINCC26XX.oem3 (.text:PINCC26XX_setIoCfgMux)
                  00005e64    00000024     rf_multiMode_cc13x0.aem3 : RFCC26XX_multiMode.oem3 (.text:RF_cmdAlloc)
                  00005e88    00000024                              : RFCC26XX_multiMode.oem3 (.text:RF_invokeGlobalCallback)
                  00005eac    00000024                              : RFCC26XX_multiMode.oem3 (.text:RF_isStateTransitionAllowed)
                  00005ed0    00000024     nortos_cc13x0.aem3 : TimerPCC26XX_nortos.oem3 (.text:TimerP_getMaxTicks)
                  00005ef4    00000024     rtsv7M3_T_le_eabi.lib : boot_cortex_m.c.obj (.text:_c_int00:_c_int00)
                  00005f18    00000024     nortos_cc13x0.aem3 : ClockPTimer_nortos.oem3 (.text:sleepTicks)
                  00005f3c    00000022     drivers_cc13x0.aem3 : List.oem3 (.text:List_get)
                  00005f5e    00000022                         : List.oem3 (.text:List_insert)
                  00005f80    00000022                         : List.oem3 (.text:List_put)
                  00005fa2    00000022                         : List.oem3 (.text:List_putHead)
                  00005fc4    00000020     nortos_cc13x0.aem3 : ClockPTimer_nortos.oem3 (.text:ClockP_add)
                  00005fe4    00000020     driverlib.lib : rfc.obj (.text:NOROM_RFCAdi3VcoLdoVoltageMode)
                  00006004    00000020                   : setup_rom.obj (.text:NOROM_SetupGetTrimForXoscHfCtl)
                  00006024    00000020     drivers_cc13x0.aem3 : PowerCC26XX.oem3 (.text:Power_unregisterNotify)
                  00006044    00000020     rf_multiMode_cc13x0.aem3 : RFCC26XX_multiMode.oem3 (.text:RF_clkPowerUp)
                  00006064    00000020                              : RFCC26XX_multiMode.oem3 (.text:RF_hwiCpe0ChangePhy)
                  00006084    00000020                              : RFCC26XX_multiMode.oem3 (.text:RF_ratIsRunning)
                  000060a4    0000001e     drivers_cc13x0.aem3 : PINCC26XX.oem3 (.text:PIN_close)
                  000060c2    0000001e                         : PowerCC26XX.oem3 (.text:Power_getTransitionLatency)
                  000060e0    0000001e     rf_multiMode_cc13x0.aem3 : RFCC26XX_multiMode.oem3 (.text:RF_preemptClient)
                  000060fe    0000001e     nortos_cc13x0.aem3 : SemaphoreP_nortos.oem3 (.text:SemaphoreP_constructBinary)
                  0000611c    0000001c     CC1310_LAUNCHXL.obj (.text:CC1310_LAUNCHXL_initGeneral)
                  00006138    0000001c     nortos_cc13x0.aem3 : HwiPCC26XX_nortos.oem3 (.text:HwiP_destruct)
                  00006154    0000001c     driverlib.lib : chipinfo.obj (.text:NOROM_ChipInfo_GetChipFamily)
                  00006170    0000001c                   : setup_rom.obj (.text:NOROM_SetupGetTrimForAmpcompTh2)
                  0000618c    0000001c                   : setup_rom.obj (.text:NOROM_SetupGetTrimForRcOscLfRtuneCtuneTrim)
                  000061a8    0000001c     drivers_cc13x0.aem3 : PINCC26XX.oem3 (.text:PIN_hwi)
                  000061c4    0000001c     nortos_cc13x0.aem3 : QueueP_nortos.oem3 (.text:QueueP_put)
                  000061e0    0000001c     rf_multiMode_cc13x0.aem3 : RFCC26XX_multiMode.oem3 (.text:RF_clkInactivityCallback)
                  000061fc    0000001c                              : RFCC26XX_multiMode.oem3 (.text:RF_powerConstraintSet)
                  00006218    0000001c     nortos_cc13x0.aem3 : SwiP_nortos.oem3 (.text:SwiP_disable)
                  00006234    0000001c                        : SwiP_nortos.oem3 (.text:SwiP_or)
                  00006250    0000001c                        : TimerPCC26XX_nortos.oem3 (.text:TimerP_dynamicStub)
                  0000626c    0000001c     smartrf_settings.obj (.text:enterGenfskCpePatch)
                  00006288    0000001c     smartrf_settings_predefined.obj (.text:enterGenfskCpePatch)
                  000062a4    0000001c     smartrf_settings_predefined.obj (.text:enterLrmCpePatch)
                  000062c0    0000001c     smartrf_settings_predefined.obj (.text:enterSlLongrangeCpePatch)
                  000062dc    0000001a     nortos_cc13x0.aem3 : QueueP_nortos.oem3 (.text:QueueP_get)
                  000062f6    00000018     EasyLink_nortos.obj (.text:ChipInfo_ChipFamilyIs_CC13x2_CC26x2)
                  0000630e    00000018     EasyLink_nortos.obj (.text:ChipInfo_ChipFamilyIs_CC26x0R2)
                  00006326    00000018     nortos_cc13x0.aem3 : ClockPTimer_nortos.oem3 (.text:ClockP_destruct)
                  0000633e    00000018                        : ClockPTimer_nortos.oem3 (.text:ClockP_getTimeout)
                  00006356    00000002     smartrf_settings.obj (.text:enterGenfskSysPatch)
                  00006358    00000018     nortos_cc13x0.aem3 : HwiPCC26XX_nortos.oem3 (.text:HwiP_inISR)
                  00006370    00000018     driverlib.lib : aon_rtc.obj (.text:NOROM_AONRTCCurrentCompareValueGet)
                  00006388    00000018                   : chipinfo.obj (.text:NOROM_ChipInfo_GetPackageType)
                  000063a0    00000018                   : osc.obj (.text:NOROM_OSCHF_TurnOnXosc)
                  000063b8    00000018                   : rfc.obj (.text:NOROM_RFCCpeIntGetAndClear)
                  000063d0    00000018                   : setup_rom.obj (.text:NOROM_SetupGetTrimForAdcShModeEn)
                  000063e8    00000018                   : setup_rom.obj (.text:NOROM_SetupGetTrimForAdcShVbufEn)
                  00006400    00000018                   : setup_rom.obj (.text:NOROM_SetupGetTrimForAmpcompTh1)
                  00006418    00000018                   : setup_rom.obj (.text:NOROM_SetupGetTrimForDblrLoopFilterResetVoltage)
                  00006430    00000018                   : setup_rom.obj (.text:NOROM_SetupGetTrimForRcOscLfIBiasTrim)
                  00006448    00000018                   : setup_rom.obj (.text:NOROM_SetupGetTrimForXoscLfRegulatorAndCmirrwrRatio)
                  00006460    00000018     drivers_cc13x0.aem3 : PowerCC26XX.oem3 (.text:Power_idleFunc)
                  00006478    00000018     rf_multiMode_cc13x0.aem3 : RFCC26XX_multiMode.oem3 (.text:RF_cancelCmd)
                  00006490    00000018                              : RFCC26XX_multiMode.oem3 (.text:RF_swiFsm)
                  000064a8    00000018     rtsv7M3_T_le_eabi.lib : args_main.c.obj (.text:_args_main)
                  000064c0    00000018                           : ll_mul_t2.asm.obj (.text)
                  000064d8    00000016     EasyLink_nortos.obj (.text:ChipInfo_ChipFamilyIs_CC26x0)
                  000064ee    00000016     nortos_cc13x0.aem3 : HwiPCC26XX_nortos.oem3 (.text:HwiP_setFunc)
                  00006504    00000016     driverlib.lib : chipinfo.obj (.text:NOROM_ThisLibraryIsFor_CC13x0_HwRev20AndLater_HaltIfViolated)
                  0000651a    00000016     rf_multiMode_cc13x0.aem3 : RFCC26XX_multiMode.oem3 (.text:RF_restartClockTimeout)
                  00006530    00000014     EasyLink_nortos.obj (.text:EasyLink_Params_init)
                  00006544    00000014     drivers_cc13x0.aem3 : List.oem3 (.text:List_clearList)
                  00006558    00000014     driverlib.lib : aon_rtc.obj (.text:NOROM_AONRTCCurrent64BitValueGet)
                  0000656c    00000014                   : interrupt.obj (.text:NOROM_IntUnregister)
                  00006580    00000014     drivers_cc13x0.aem3 : PINCC26XX.oem3 (.text:PINCC26XX_getOutputValue)
                  00006594    00000014                         : PowerCC26XX.oem3 (.text:Power_disablePolicy)
                  000065a8    00000014     rf_multiMode_cc13x0.aem3 : RFCC26XX_multiMode.oem3 (.text:RF_Params_init)
                  000065bc    00000014                              : RFCC26XX_multiMode.oem3 (.text:RF_dbellSyncOnAck)
                  000065d0    00000014                              : RFCC26XX_multiMode.oem3 (.text:RF_ratGetChannel)
                  000065e4    00000014                              : RFCC26XX_multiMode.oem3 (.text:RF_schResolveConflict)
                  000065f8    00000014     nortos_cc13x0.aem3 : SwiP_nortos.oem3 (.text:SwiP_handleHwi)
                  0000660c    00000014                        : TimerPCC26XX_nortos.oem3 (.text:TimerP_startup)
                  00006620    00000014     drivers_cc13x0.aem3 : PowerCC26XX.oem3 (.text:configureRFCoreClocks)
                  00006634    00000014     nortos_cc13x0.aem3 : startup_cc13xx_cc26xx_ccs.oem3 (.text:resetISR)
                  00006648    00000012                        : HwiPCC26XX_nortos.oem3 (.text:HwiP_Params_init)
                  0000665a    00000012     main_nortos.obj (.text:main)
                  0000666c    00000010     nortos_cc13x0.aem3 : ClockPTimer_nortos.oem3 (.text:ClockP_Params_init)
                  0000667c    00000010                        : HwiPCC26XX_nortos.oem3 (.text:HwiP_disable)
                  0000668c    00000010                        : HwiPCC26XX_nortos.oem3 (.text:HwiP_enableInterrupt)
                  0000669c    00000010                        : HwiPCC26XX_nortos.oem3 (.text:HwiP_post)
                  000066ac    00000010     driverlib.lib : rfc.obj (.text:NOROM_RFCHwIntGetAndClear)
                  000066bc    00000010                   : rfc.obj (.text:NOROM_RFCRfTrimSet)
                  000066cc    00000010                   : setup_rom.obj (.text:NOROM_SetupGetTrimForXoscHfFastStart)
                  000066dc    00000010                   : setup_rom.obj (.text:NOROM_SetupGetTrimForXoscHfIbiastherm)
                  000066ec    00000010     drivers_cc13x0.aem3 : PINCC26XX.oem3 (.text:PINCC26XX_getPinCount)
                  000066fc    00000010     nortos_cc13x0.aem3 : PowerCC26XX_nortos.oem3 (.text:PowerCC26XX_schedulerDisable)
                  0000670c    00000010     drivers_cc13x0.aem3 : PowerCC26XX.oem3 (.text:Power_enablePolicy)
                  0000671c    00000010     rf_multiMode_cc13x0.aem3 : RFCC26XX_multiMode.oem3 (.text:RF_dbellSubmitCmdAsync)
                  0000672c    00000010                              : RFCC26XX_multiMode.oem3 (.text:RF_isClientOwner)
                  0000673c    00000010     nortos_cc13x0.aem3 : SemaphoreP_nortos.oem3 (.text:SemaphoreP_Params_init)
                  0000674c    00000010                        : SwiP_nortos.oem3 (.text:SwiP_Params_init)
                  0000675c    00000010                        : TimerPCC26XX_nortos.oem3 (.text:TimerP_Params_init)
                  0000676c    00000010     smartrf_settings.obj (.text:applyGenfskPatch)
                  0000677c    00000010     smartrf_settings_predefined.obj (.text:applyGenfskPatch)
                  0000678c    00000010     smartrf_settings_predefined.obj (.text:applyLrmPatch)
                  0000679c    00000010     smartrf_settings_predefined.obj (.text:applySlLongrangePatch)
                  000067ac    0000000e     driverlib.lib : vims.obj (.text:NOROM_VIMSModeGet)
                  000067ba    0000000e     nortos_cc13x0.aem3 : QueueP_nortos.oem3 (.text:QueueP_empty)
                  000067c8    0000000e                        : QueueP_nortos.oem3 (.text:QueueP_remove)
                  000067d6    0000000e     rf_multiMode_cc13x0.aem3 : RFCC26XX_multiMode.oem3 (.text:RF_getSwitchingTimeInUs)
                  000067e4    0000000e     rtsv7M3_T_le_eabi.lib : copy_decompress_none.c.obj (.text:decompress:none:__TI_decompress_none)
                  000067f2    00000002     smartrf_settings_predefined.obj (.text:enterGenfskSysPatch)
                  000067f4    0000000c     nortos_cc13x0.aem3 : ClockPTimer_nortos.oem3 (.text:ClockP_doTick)
                  00006800    0000000c     driverlib.lib : cpu.obj (.text:NOROM_CPUcpsid)
                  0000680c    0000000c                   : cpu.obj (.text:NOROM_CPUcpsie)
                  00006818    0000000c                   : osc.obj (.text:NOROM_OSC_HPOSCRelativeFrequencyOffsetToRFCoreFormatConvert)
                  00006824    0000000c     nortos_cc13x0.aem3 : PowerCC26XX_nortos.oem3 (.text:PowerCC26XX_schedulerRestore)
                  00006830    0000000c     drivers_cc13x0.aem3 : PowerCC26XX.oem3 (.text:Power_getConstraintMask)
                  0000683c    0000000c                         : PowerCC26XX.oem3 (.text:Power_getDependencyCount)
                  00006848    0000000c     rf_multiMode_cc13x0.aem3 : RFCC26XX_multiMode.oem3 (.text:RF_powerConstraintGet)
                  00006854    0000000c     nortos_cc13x0.aem3 : SwiP_nortos.oem3 (.text:SwiP_getTrigger)
                  00006860    0000000c                        : TimerPCC26XX_nortos.oem3 (.text:TimerP_getFreq)
                  0000686c    0000000c     rtsv7M3_T_le_eabi.lib : copy_zero_init.c.obj (.text:decompress:ZI:__TI_zero_init)
                  00006878    00000008     CC1310_LAUNCHXL.obj (.text:Board_init)
                  00006880    00000008     CC1310_LAUNCHXL_fxns.obj (.text:Board_initHook)
                  00006888    00000008     nortos_cc13x0.aem3 : HwiPCC26XX_nortos.oem3 (.text:HwiP_restore)
                  00006890    00000008     smartrf_settings.obj (.text:rf_patch_cpe_genfsk)
                  00006898    00000008     smartrf_settings_predefined.obj (.text:rf_patch_cpe_genfsk)
                  000068a0    00000008     smartrf_settings_predefined.obj (.text:rf_patch_cpe_lrm)
                  000068a8    00000008     smartrf_settings_predefined.obj (.text:rf_patch_cpe_sl_longrange)
                  000068b0    00000006     nortos_cc13x0.aem3 : ClockPTimer_nortos.oem3 (.text:ClockP_stop)
                  000068b6    00000006     driverlib.lib : cpu.obj (.text:NOROM_CPUdelay)
                  000068bc    00000006     nortos_cc13x0.aem3 : QueueP_nortos.oem3 (.text:QueueP_init)
                  000068c2    00000006     rf_multiMode_cc13x0.aem3 : RFCC26XX_multiMode.oem3 (.text:RF_clkReqAccess)
                  000068c8    00000004     nortos_cc13x0.aem3 : PowerCC26XX_nortos.oem3 (.text:CPUwfi)
                  000068cc    00000004                        : ClockPTimer_nortos.oem3 (.text:ClockP_isActive)
                  000068d0    00000004                        : ClockPTimer_nortos.oem3 (.text:ClockP_setTimeout)
                  000068d4    00000004                        : HwiPCC26XX_nortos.oem3 (.text:HwiP_enable)
                  000068d8    00000004     driverlib.lib : rfc.obj (.text:NOROM_RFCOverrideUpdate)
                  000068dc    00000004     drivers_cc13x0.aem3 : PowerCC26XX.oem3 (.text:PowerCC26XX_switchXOSC_HF)
                  000068e0    00000004     nortos_cc13x0.aem3 : QueueP_nortos.oem3 (.text:QueueP_head)
                  000068e4    00000004                        : QueueP_nortos.oem3 (.text:QueueP_next)
                  000068e8    00000004                        : TimerPCC26XX_nortos.oem3 (.text:TimerP_getCount64)
                  000068ec    00000004     rtsv7M3_T_le_eabi.lib : pre_init.c.obj (.text:_system_pre_init)
                  000068f0    00000004                           : exit.c.obj (.text:abort:abort)
                  000068f4    00000004     drivers_cc13x0.aem3 : PowerCC26XX.oem3 (.text:nopResourceHandler)
                  000068f8    00000002     smartrf_settings_predefined.obj (.text:enterLrmSysPatch)
                  000068fa    00000002     smartrf_settings_predefined.obj (.text:enterSlLongrangeSysPatch)
                  000068fc    00000002     nortos_cc13x0.aem3 : startup_cc13xx_cc26xx_ccs.oem3 (.text:faultISR)
                  000068fe    00000002                        : startup_cc13xx_cc26xx_ccs.oem3 (.text:intDefaultHandler)
                  00006900    00000002                        : startup_cc13xx_cc26xx_ccs.oem3 (.text:nmiISR)
                  00006902    00000002     rtsv7M3_T_le_eabi.lib : div0.asm.obj (.text)

.const     0    00006904    00003095     
                  00006904    000006b4     smartrf_settings.obj (.const:patchGenfskRfe)
                  00006fb8    000006b4     smartrf_settings_predefined.obj (.const:patchGenfskRfe)
                  0000766c    000006b4     smartrf_settings_predefined.obj (.const:patchLrmRfe)
                  00007d20    000006b4     smartrf_settings_predefined.obj (.const:patchSl_longrangeRfe)
                  000083d4    00000408     smartrf_settings.obj (.const:patchImageGenfsk)
                  000087dc    00000408     smartrf_settings_predefined.obj (.const:patchImageGenfsk)
                  00008be4    00000408     smartrf_settings_predefined.obj (.const:patchImageLrm)
                  00008fec    00000408     smartrf_settings_predefined.obj (.const:patchImageSlLongrange)
                  000093f4    00000400     smartrf_settings_predefined.obj (.const:patchSl_longrangeMce)
                  000097f4    00000090     rfEasyLinkTx_nortos.obj (.const:$P$T0$2)
                  00009884    0000004c     drivers_cc13x0.aem3 : PowerCC26XX.oem3 (.const:resourceDB)
                  000098d0    0000002c     CC1310_LAUNCHXL.obj (.const:BoardGpioInitTable)
                  000098fc    0000001c     rf_multiMode_cc13x0.aem3 : RFCC26XX_multiMode.oem3 (.const:RF_defaultParams)
                  00009918    00000018     CC1310_LAUNCHXL.obj (.const:PowerCC26XX_config)
                  00009930    00000018     driverlib.lib : rfc.obj (.const:rfc_defaultIrqAddr)
                  00009948    00000014     CC1310_LAUNCHXL_fxns.obj (.const:$P$T1$2)
                  0000995c    00000010     EasyLink_nortos.obj (.const:EasyLink_defaultParams)
                  0000996c    00000010     nortos_cc13x0.aem3 : SwiP_nortos.oem3 (.const:SwiP_defaultParams)
                  0000997c    0000000c     CC1310_LAUNCHXL.obj (.const:RFCC26XX_hwAttrs)
                  00009988    00000008     CC1310_LAUNCHXL_fxns.obj (.const:$P$T0$1)
                  00009990    00000008     CC1310_LAUNCHXL.obj (.const:PINCC26XX_hwAttrs)
                  00009998    00000001     easylink_config.obj (.const)

.cinit     0    000099a8    00000258     
                  000099a8    00000220     (.cinit..data.load) [load image, compression = lzss]
                  00009bc8    0000000c     (__TI_handler_table)
                  00009bd4    00000004     --HOLE-- [fill = 0]
                  00009bd8    00000008     (.cinit..bss.load) [load image, compression = zero_init]
                  00009be0    00000008     (.cinit..vtable_ram.load) [load image, compression = zero_init]
                  00009be8    00000018     (__TI_cinit_table)

.init_array 
*          0    00000000    00000000     UNINITIALIZED

.ccfg      0    0001ffa8    00000058     
                  0001ffa8    00000058     ccfg.obj (.ccfg:retain)

.data      0    20000000    0000080c     UNINITIALIZED
                  20000000    00000114     drivers_cc13x0.aem3 : PINCC26XX.oem3 (.data:$O1$$)
                  20000114    00000114                         : PowerCC26XX.oem3 (.data:PowerCC26XX_module)
                  20000228    000000d0     nortos_cc13x0.aem3 : HwiPCC26XX_nortos.oem3 (.data:$O1$$)
                  200002f8    000000c0                        : ClockPTimer_nortos.oem3 (.data:$O1$$)
                  200003b8    00000090     easylink_config.obj (.data:EasyLink_supportedPhys)
                  20000448    00000064     smartrf_settings_predefined.obj (.data:pOverrides_sl_lr)
                  200004ac    00000058     smartrf_settings_predefined.obj (.data:pOverrides_lrm)
                  20000504    00000055     smartrf_settings_predefined.obj (.data:RF_PROP_txPowerTable)
                  20000559    00000001     nortos_cc13x0.aem3 : SwiP_nortos.oem3 (.data)
                  2000055a    00000001     rfEasyLinkTx_nortos.obj (.data)
                  2000055b    00000001     --HOLE--
                  2000055c    00000054     smartrf_settings.obj (.data:pOverrides)
                  200005b0    00000054     smartrf_settings_predefined.obj (.data:pOverrides_fsk)
                  20000604    00000040     EasyLink_nortos.obj (.data:addrFilterTable)
                  20000644    00000030     nortos_cc13x0.aem3 : TimerPCC26XX_nortos.oem3 (.data:$O1$$)
                  20000674    00000030     smartrf_settings_predefined.obj (.data:RF_cmdPropRxAdv_preDef)
                  200006a4    00000028     smartrf_settings.obj (.data:RF_cmdPropRadioDivSetup)
                  200006cc    00000028     smartrf_settings_predefined.obj (.data:RF_cmdPropRadioDivSetup_fsk)
                  200006f4    00000028     smartrf_settings_predefined.obj (.data:RF_cmdPropRadioDivSetup_lrm)
                  2000071c    00000028     smartrf_settings_predefined.obj (.data:RF_cmdPropRadioDivSetup_sl_lr)
                  20000744    00000019     EasyLink_nortos.obj (.data)
                  2000075d    00000003     --HOLE--
                  20000760    00000018     smartrf_settings.obj (.data:RF_cmdFs)
                  20000778    00000018     smartrf_settings_predefined.obj (.data:RF_cmdFs_preDef)
                  20000790    00000018     smartrf_settings.obj (.data:RF_cmdPropTx)
                  200007a8    00000010     smartrf_settings.obj (.data:RF_prop)
                  200007b8    00000010     smartrf_settings_predefined.obj (.data:RF_prop_fsk)
                  200007c8    00000010     smartrf_settings_predefined.obj (.data:RF_prop_lrm)
                  200007d8    00000010     smartrf_settings_predefined.obj (.data:RF_prop_sl_lr)
                  200007e8    0000000c     nortos_cc13x0.aem3 : SemaphoreP_nortos.oem3 (.data:$O1$$)
                  200007f4    0000000c     rfEasyLinkTx_nortos.obj (.data:pinTable)
                  20000800    00000008     rtsv7M3_T_le_eabi.lib : _lock.c.obj (.data:$O1$$)
                  20000808    00000004                           : rand.c.obj (.data)

.bss       0    20000810    000006b0     UNINITIALIZED
                  20000810    000003d8     rf_multiMode_cc13x0.aem3 : RFCC26XX_multiMode.oem3 (.bss:$O1$$)
                  20000be8    000000a8     EasyLink_nortos.obj (.bss:rfObject)
                  20000c90    0000008c     EasyLink_nortos.obj (.bss:txBuffer)
                  20000d1c    0000003c     nortos_cc13x0.aem3 : SwiP_nortos.oem3 (.bss:$O1$$)
                  20000d58    00000030     EasyLink_nortos.obj (.bss:EasyLink_cmdPropRxAdv)
                  20000d88    00000028     EasyLink_nortos.obj (.bss:EasyLink_cmdPropRadioSetup)
                  20000db0    00000020     EasyLink_nortos.obj (.bss:EasyLink_cmdPropTxAdv)
                  20000dd0    0000001c     EasyLink_nortos.obj (.bss:EasyLink_cmdPropCs)
                  20000dec    0000001c     EasyLink_nortos.obj (.bss:rfParams)
                  20000e08    00000018     EasyLink_nortos.obj (.bss:EasyLink_cmdFs)
                  20000e20    00000014     EasyLink_nortos.obj (.bss)
                  20000e34    00000014     rf_multiMode_cc13x0.aem3 : RFCC26XX_multiMode.oem3 (.bss:RF_ratSyncCmd)
                  20000e48    00000014     driverlib.lib : osc.obj (.bss:oscHfGlobals)
                  20000e5c    00000010     EasyLink_nortos.obj (.bss:EasyLink_RF_prop)
                  20000e6c    00000010     EasyLink_nortos.obj (.bss:EasyLink_params)
                  20000e7c    0000000d     nortos_cc13x0.aem3 : SwiP_nortos.oem3 (.bss)
                  20000e89    00000001     rf_multiMode_cc13x0.aem3 : RFCC26XX_multiMode.oem3 (.bss)
                  20000e8a    00000001     (.common:driverlib_release_0_60062)
                  20000e8b    00000001     --HOLE--
                  20000e8c    0000000c     rfEasyLinkTx_nortos.obj (.bss:pinState)
                  20000e98    0000000c     EasyLink_nortos.obj (.bss:rxStatistics)
                  20000ea4    00000008     EasyLink_nortos.obj (.bss:dataQueue)
                  20000eac    00000008     driverlib.lib : sys_ctrl.obj (.bss:powerQualGlobals)
                  20000eb4    00000008     rfEasyLinkTx_nortos.obj (.bss)
                  20000ebc    00000004     nortos_cc13x0.aem3 : PowerCC26XX_nortos.oem3 (.bss)

.sysmem    0    20000ec0    00000100     UNINITIALIZED
                  20000ec0    00000010     rtsv7M3_T_le_eabi.lib : memory.c.obj (.sysmem)
                  20000ed0    000000f0     --HOLE--

.vtable_ram 
*          0    20001000    000000c8     UNINITIALIZED
                  20001000    000000c8     driverlib.lib : interrupt.obj (.vtable_ram)

.stack     0    20004c00    00000400     UNINITIALIZED
                  20004c00    00000004     rtsv7M3_T_le_eabi.lib : boot_cortex_m.c.obj (.stack)
                  20004c04    000003fc     --HOLE--

__llvm_prf_cnts 
*          0    20000000    00000000     UNINITIALIZED

.binit     0    00000000    00000000     

.args      0    0000999c    00000008     
                  0000999c    00000008     --HOLE-- [fill = 0]

MODULE SUMMARY

       Module                            code    ro data   rw data
       ------                            ----    -------   -------
    .\
       rfEasyLinkTx_nortos.obj           504     144       33     
       CC1310_LAUNCHXL_fxns.obj          280     28        0      
       CC1310_LAUNCHXL.obj               36      88        0      
       ccfg.obj                          0       88        0      
       main_nortos.obj                   18      0         0      
    +--+---------------------------------+-------+---------+---------+
       Total:                            838     348       33     
                                                                  
    .\easylink\
       EasyLink_nortos.obj               2768    16        669    
       easylink_config.obj               0       1         144    
    +--+---------------------------------+-------+---------+---------+
       Total:                            2768    17        813    
                                                                  
    .\smartrf_settings\
       smartrf_settings_predefined.obj   1702    9268      597    
       smartrf_settings.obj              502     2748      188    
    +--+---------------------------------+-------+---------+---------+
       Total:                            2204    12016     785    
                                                                  
    C:/ti/simplelink_cc13x0_sdk_4_20_00_05/kernel/nortos/lib/nortos_cc13x0.aem3
       ClockPTimer_nortos.oem3           1018    0         192    
       SwiP_nortos.oem3                  704     16        74     
       TimerPCC26XX_nortos.oem3          606     0         48     
       HwiPCC26XX_nortos.oem3            316     0         208    
       SemaphoreP_nortos.oem3            342     0         12     
       PowerCC26XX_nortos.oem3           288     0         4      
       startup_cc13xx_cc26xx_ccs.oem3    26      200       0      
       QueueP_nortos.oem3                96      0         0      
    +--+---------------------------------+-------+---------+---------+
       Total:                            3396    216       538    
                                                                  
    C:/ti/simplelink_cc13x0_sdk_4_20_00_05/source/ti/devices/cc13x0/driverlib/bin/ccs/driverlib.lib
       setup_rom.obj                     1456    0         0      
       sys_ctrl.obj                      776     0         8      
       rfc.obj                           692     24        0      
       osc.obj                           388     0         20     
       setup.obj                         368     0         0      
       interrupt.obj                     74      0         200    
       chipinfo.obj                      186     0         0      
       aon_rtc.obj                       44      0         0      
       ddi.obj                           44      0         0      
       adi.obj                           40      0         0      
       aon_batmon.obj                    40      0         0      
       cpu.obj                           30      0         0      
       vims.obj                          14      0         0      
       driverlib_release.obj             0       0         1      
    +--+---------------------------------+-------+---------+---------+
       Total:                            4152    24        229    
                                                                  
    C:/ti/simplelink_cc13x0_sdk_4_20_00_05/source/ti/drivers/lib/drivers_cc13x0.aem3
       PowerCC26XX.oem3                  2144    76        276    
       PINCC26XX.oem3                    1258    0         276    
       PowerCC26XX_calibrateRCOSC.oem3   1380    0         0      
       List.oem3                         192     0         0      
    +--+---------------------------------+-------+---------+---------+
       Total:                            4974    76        552    
                                                                  
    C:/ti/simplelink_cc13x0_sdk_4_20_00_05/source/ti/drivers/rf/lib/rf_multiMode_cc13x0.aem3
       RFCC26XX_multiMode.oem3           7578    28        1005   
    +--+---------------------------------+-------+---------+---------+
       Total:                            7578    28        1005   
                                                                  
    C:\ti\ccs1030\ccs\tools\compiler\ti-cgt-arm_20.2.4.LTS\lib\rtsv7M3_T_le_eabi.lib
       memcpy_t2.asm.obj                 156     0         0      
       ull_div_t2.asm.obj                150     0         0      
       memset_t2.asm.obj                 122     0         0      
       copy_decompress_lzss.c.obj        104     0         0      
       autoinit.c.obj                    68      0         0      
       rand.c.obj                        52      0         4      
       boot_cortex_m.c.obj               36      0         0      
       args_main.c.obj                   24      0         0      
       ll_mul_t2.asm.obj                 24      0         0      
       copy_decompress_none.c.obj        14      0         0      
       copy_zero_init.c.obj              12      0         0      
       _lock.c.obj                       2       0         8      
       exit.c.obj                        4       0         0      
       pre_init.c.obj                    4       0         0      
       div0.asm.obj                      2       0         0      
    +--+---------------------------------+-------+---------+---------+
       Total:                            774     0         12     
                                                                  
       Heap:                             0       0         256    
       Stack:                            0       0         1024   
       Linker Generated:                 0       596       0      
    +--+---------------------------------+-------+---------+---------+
       Grand Total:                      26684   13321     5247   


LINKER GENERATED COPY TABLES

__TI_cinit_table @ 00009be8 records: 3, size/record: 8, table size: 24
	.data: load addr=000099a8, load size=00000220 bytes, run addr=20000000, run size=0000080c bytes, compression=lzss
	.bss: load addr=00009bd8, load size=00000008 bytes, run addr=20000810, run size=000006b0 bytes, compression=zero_init
	.vtable_ram: load addr=00009be0, load size=00000008 bytes, run addr=20001000, run size=000000c8 bytes, compression=zero_init


LINKER GENERATED HANDLER TABLE

__TI_handler_table @ 00009bc8 records: 3, size/record: 4, table size: 12
	index: 0, handler: __TI_zero_init
	index: 1, handler: __TI_decompress_lzss
	index: 2, handler: __TI_decompress_none


GLOBAL SYMBOLS: SORTED ALPHABETICALLY BY Name 

address   name                                                        
-------   ----                                                        
000098d0  BoardGpioInitTable                                          
00006879  Board_init                                                  
00006881  Board_initHook                                              
000068f1  C$$EXIT                                                     
0000611d  CC1310_LAUNCHXL_initGeneral                                 
0000441d  CC1310_LAUNCHXL_sendExtFlashByte                            
0000554d  CC1310_LAUNCHXL_shutDownExtFlash                            
00005431  CC1310_LAUNCHXL_wakeUpExtFlash                              
0000666d  ClockP_Params_init                                          
00005fc5  ClockP_add                                                  
0000547d  ClockP_construct                                            
00006327  ClockP_destruct                                             
000067f5  ClockP_doTick                                               
00005dd5  ClockP_getTicks                                             
000058c9  ClockP_getTicksUntilInterrupt                               
0000633f  ClockP_getTimeout                                           
000068cd  ClockP_isActive                                             
00005df9  ClockP_scheduleNextTick                                     
000068d1  ClockP_setTimeout                                           
00004525  ClockP_start                                                
00003e29  ClockP_startup                                              
000068b1  ClockP_stop                                                 
200002fc  ClockP_tickPeriod                                           
00004e9d  ClockP_usleep                                               
00004795  ClockP_walkQueueDynamic                                     
00003861  ClockP_workFuncDynamic                                      
00006531  EasyLink_Params_init                                        
00003a59  EasyLink_abort                                              
00005cbd  EasyLink_getAbsTime                                         
000000c9  EasyLink_init                                               
00009998  EasyLink_numSupportedPhys                                   
200003b8  EasyLink_supportedPhys                                      
0000158d  EasyLink_transmitAsync                                      
00006649  HwiP_Params_init                                            
0000471d  HwiP_construct                                              
00006139  HwiP_destruct                                               
0000667d  HwiP_disable                                                
000068d5  HwiP_enable                                                 
0000668d  HwiP_enableInterrupt                                        
00006359  HwiP_inISR                                                  
0000669d  HwiP_post                                                   
00006889  HwiP_restore                                                
000064ef  HwiP_setFunc                                                
2000022c  HwiP_swiPIntNum                                             
00006545  List_clearList                                              
00005f3d  List_get                                                    
00005f5f  List_insert                                                 
00005f81  List_put                                                    
00005fa3  List_putHead                                                
00005e1d  List_remove                                                 
00005ce5  NOROM_AONBatMonTemperatureGetDegC                           
00006559  NOROM_AONRTCCurrent64BitValueGet                            
00006371  NOROM_AONRTCCurrentCompareValueGet                          
00006801  NOROM_CPUcpsid                                              
0000680d  NOROM_CPUcpsie                                              
000068b7  NOROM_CPUdelay                                              
00006155  NOROM_ChipInfo_GetChipFamily                                
00005a69  NOROM_ChipInfo_GetChipType                                  
0000558d  NOROM_ChipInfo_GetHwRevision                                
00006389  NOROM_ChipInfo_GetPackageType                               
00005bb5  NOROM_DDI32RegWrite                                         
000058fd  NOROM_IntRegister                                           
0000656d  NOROM_IntUnregister                                         
00005be1  NOROM_OSCClockSourceGet                                     
00004efd  NOROM_OSCClockSourceSet                                     
00004d0d  NOROM_OSCHF_AttemptToSwitchToXosc                           
00005931  NOROM_OSCHF_SwitchToRcOscTurnOffXosc                        
000063a1  NOROM_OSCHF_TurnOnXosc                                      
0000560d  NOROM_OSC_HPOSCRelativeFrequencyOffsetGet                   
00006819  NOROM_OSC_HPOSCRelativeFrequencyOffsetToRFCoreFormatConvert 
00005fe5  NOROM_RFCAdi3VcoLdoVoltageMode                              
000063b9  NOROM_RFCCpeIntGetAndClear                                  
00005c0d  NOROM_RFCCpePatchReset                                      
00005d0d  NOROM_RFCDoorbellSendTo                                     
000066ad  NOROM_RFCHwIntGetAndClear                                   
00005d35  NOROM_RFCOverrideSearch                                     
000068d9  NOROM_RFCOverrideUpdate                                     
00003109  NOROM_RFCRTrim                                              
00002f61  NOROM_RFCRfTrimRead                                         
000066bd  NOROM_RFCRfTrimSet                                          
00005649  NOROM_RFCSynthPowerDown                                     
00003afd  NOROM_SetupAfterColdResetWakeupFromShutDownCfg1             
00002cb1  NOROM_SetupAfterColdResetWakeupFromShutDownCfg2             
0000251d  NOROM_SetupAfterColdResetWakeupFromShutDownCfg3             
000063d1  NOROM_SetupGetTrimForAdcShModeEn                            
000063e9  NOROM_SetupGetTrimForAdcShVbufEn                            
00004a35  NOROM_SetupGetTrimForAmpcompCtrl                            
00006401  NOROM_SetupGetTrimForAmpcompTh1                             
00006171  NOROM_SetupGetTrimForAmpcompTh2                             
00004a9d  NOROM_SetupGetTrimForAnabypassValue1                        
00006419  NOROM_SetupGetTrimForDblrLoopFilterResetVoltage             
00005c39  NOROM_SetupGetTrimForRadcExtCfg                             
00006431  NOROM_SetupGetTrimForRcOscLfIBiasTrim                       
0000618d  NOROM_SetupGetTrimForRcOscLfRtuneCtuneTrim                  
00006005  NOROM_SetupGetTrimForXoscHfCtl                              
000066cd  NOROM_SetupGetTrimForXoscHfFastStart                        
000066dd  NOROM_SetupGetTrimForXoscHfIbiastherm                       
00006449  NOROM_SetupGetTrimForXoscLfRegulatorAndCmirrwrRatio         
00005a99  NOROM_SetupSetAonRtcSubSecInc                               
000052f1  NOROM_SetupSetCacheModeAccordingToCcfgSetting               
00004809  NOROM_SetupSetVddrLevel                                     
00003909  NOROM_SetupTrimDevice                                       
00004b05  NOROM_SysCtrlAdjustRechargeAfterPowerDown                   
00001131  NOROM_SysCtrlSetRechargeBeforePowerDown                     
00004b6d  NOROM_SysCtrl_DCDC_VoltageConditionalControl                
00006505  NOROM_ThisLibraryIsFor_CC13x0_HwRev20AndLater_HaltIfViolated
000067ad  NOROM_VIMSModeGet                                           
000068d5  NoRTOS_start                                                
000066ed  PINCC26XX_getPinCount                                       
00009990  PINCC26XX_hwAttrs                                           
000060a5  PIN_close                                                   
00006581  PIN_getOutputValue                                          
00001961  PIN_init                                                    
00003ce9  PIN_open                                                    
000051ed  PIN_remove                                                  
000057b1  PIN_setConfig                                               
000057e9  PIN_setOutputValue                                          
0000507d  PowerCC26XX_RCOSC_clockFunc                                 
00000b9d  PowerCC26XX_auxISR                                          
00004f5d  PowerCC26XX_calibrate                                       
00009918  PowerCC26XX_config                                          
00001b11  PowerCC26XX_doCalibrate                                     
0000495d  PowerCC26XX_initiateCalibration                             
00005685  PowerCC26XX_isStableXOSC_HF                                 
20000114  PowerCC26XX_module                                          
000066fd  PowerCC26XX_schedulerDisable                                
00006825  PowerCC26XX_schedulerRestore                                
00002bb1  PowerCC26XX_standbyPolicy                                   
000068dd  PowerCC26XX_switchXOSC_HF                                   
00006595  Power_disablePolicy                                         
0000670d  Power_enablePolicy                                          
00006831  Power_getConstraintMask                                     
0000683d  Power_getDependencyCount                                    
000060c3  Power_getTransitionLatency                                  
00006461  Power_idleFunc                                              
0000287d  Power_init                                                  
00005d5d  Power_registerNotify                                        
00005965  Power_releaseConstraint                                     
0000342d  Power_releaseDependency                                     
00005ac9  Power_setConstraint                                         
000035a1  Power_setDependency                                         
00001369  Power_sleep                                                 
00006025  Power_unregisterNotify                                      
000067bb  QueueP_empty                                                
000062dd  QueueP_get                                                  
000068e1  QueueP_head                                                 
000068bd  QueueP_init                                                 
000068e5  QueueP_next                                                 
000061c5  QueueP_put                                                  
000067c9  QueueP_remove                                               
0000997c  RFCC26XX_hwAttrs                                            
20000504  RF_PROP_txPowerTable                                        
000065a9  RF_Params_init                                              
00006479  RF_cancelCmd                                                
00002aa1  RF_close                                                    
20000760  RF_cmdFs                                                    
20000778  RF_cmdFs_preDef                                             
200006a4  RF_cmdPropRadioDivSetup                                     
200006cc  RF_cmdPropRadioDivSetup_fsk                                 
200006f4  RF_cmdPropRadioDivSetup_lrm                                 
2000071c  RF_cmdPropRadioDivSetup_sl_lr                               
20000674  RF_cmdPropRxAdv_preDef                                      
20000790  RF_cmdPropTx                                                
00004fbd  RF_getCurrentTime                                           
00001789  RF_open                                                     
00003035  RF_pendCmd                                                  
000034e9  RF_postCmd                                                  
00006849  RF_powerConstraintGet                                       
00005859  RF_powerConstraintRelease                                   
000061fd  RF_powerConstraintSet                                       
200007a8  RF_prop                                                     
200007b8  RF_prop_fsk                                                 
200007c8  RF_prop_lrm                                                 
200007d8  RF_prop_sl_lr                                               
00005d85  RF_runCmd                                                   
00000ea9  RF_scheduleCmd                                              
00005dad  SafeHapiVoid                                                
0000673d  SemaphoreP_Params_init                                      
000053e1  SemaphoreP_construct                                        
000060ff  SemaphoreP_constructBinary                                  
200007ec  SemaphoreP_defaultParams                                    
0000471b  SemaphoreP_destruct                                         
00003ffd  SemaphoreP_pend                                             
00005739  SemaphoreP_post                                             
0000674d  SwiP_Params_init                                            
00002e89  SwiP_construct                                              
00005999  SwiP_destruct                                               
00006219  SwiP_disable                                                
00003d89  SwiP_dispatch                                               
00006855  SwiP_getTrigger                                             
00006235  SwiP_or                                                     
00004bd5  SwiP_post                                                   
000054c5  SwiP_restore                                                
0000675d  TimerP_Params_init                                          
00003705  TimerP_construct                                            
00006251  TimerP_dynamicStub                                          
000068e9  TimerP_getCount64                                           
00005af9  TimerP_getCurrentTick                                       
00006861  TimerP_getFreq                                              
00005ed1  TimerP_getMaxTicks                                          
000059cd  TimerP_initDevice                                           
00005891  TimerP_setNextTick                                          
00005b29  TimerP_setThreshold                                         
000048ed  TimerP_start                                                
0000660d  TimerP_startup                                              
20005000  __STACK_END                                                 
00000400  __STACK_SIZE                                                
00000100  __SYSMEM_SIZE                                               
00009be8  __TI_CINIT_Base                                             
00009c00  __TI_CINIT_Limit                                            
00009bc8  __TI_Handler_Table_Base                                     
00009bd4  __TI_Handler_Table_Limit                                    
00005509  __TI_auto_init_nobinit_nopinit                              
00004c3d  __TI_decompress_lzss                                        
000067e5  __TI_decompress_none                                        
ffffffff  __TI_pprof_out_hndl                                         
ffffffff  __TI_prof_data_size                                         
ffffffff  __TI_prof_data_start                                        
00000000  __TI_static_base__                                          
0000686d  __TI_zero_init                                              
00006903  __aeabi_idiv0                                               
00006903  __aeabi_ldiv0                                               
000064c1  __aeabi_lmul                                                
000046a1  __aeabi_memclr                                              
000046a1  __aeabi_memclr4                                             
000046a1  __aeabi_memclr8                                             
00003f61  __aeabi_memcpy                                              
00003f61  __aeabi_memcpy4                                             
00003f61  __aeabi_memcpy8                                             
000046a3  __aeabi_memset                                              
000046a3  __aeabi_memset4                                             
000046a3  __aeabi_memset8                                             
000042f5  __aeabi_uldivmod                                            
ffffffff  __binit__                                                   
0000999c  __c_args__                                                  
0001ffa8  __ccfg                                                      
UNDEFED   __mpu_init                                                  
20004c00  __stack                                                     
20000000  __start___llvm_prf_cnts                                     
20000000  __stop___llvm_prf_cnts                                      
000064a9  _args_main                                                  
00005ef5  _c_int00                                                    
20000800  _lock                                                       
000051eb  _nop                                                        
20000ec0  _sys_memory                                                 
UNDEFED   _system_post_cinit                                          
000068ed  _system_pre_init                                            
20000804  _unlock                                                     
000068f1  abort                                                       
ffffffff  binit                                                       
000058c7  clkFxn                                                      
00005191  createTxAdvFromTx                                           
20000e8a  driverlib_release_0_60062                                   
20001000  g_pfnRAMVectors                                             
00000000  g_pfnVectors                                                
0000665b  main                                                        
00001df5  mainThread                                                  
00003f61  memcpy                                                      
000046a9  memset                                                      
2000055c  pOverrides                                                  
200005b0  pOverrides_fsk                                              
200004ac  pOverrides_lrm                                              
20000448  pOverrides_sl_lr                                            
20000098  pinHandleTable                                              
20000004  pinLowerBound                                               
200007f4  pinTable                                                    
20000000  pinUpperBound                                               
00005a35  rand                                                        
00006635  resetISR                                                    
00009884  resourceDB                                                  
00003c45  txDoneCb                                                    
00004e9d  usleep                                                      


GLOBAL SYMBOLS: SORTED BY Symbol Address 

address   name                                                        
-------   ----                                                        
00000000  __TI_static_base__                                          
00000000  g_pfnVectors                                                
000000c9  EasyLink_init                                               
00000100  __SYSMEM_SIZE                                               
00000400  __STACK_SIZE                                                
00000b9d  PowerCC26XX_auxISR                                          
00000ea9  RF_scheduleCmd                                              
00001131  NOROM_SysCtrlSetRechargeBeforePowerDown                     
00001369  Power_sleep                                                 
0000158d  EasyLink_transmitAsync                                      
00001789  RF_open                                                     
00001961  PIN_init                                                    
00001b11  PowerCC26XX_doCalibrate                                     
00001df5  mainThread                                                  
0000251d  NOROM_SetupAfterColdResetWakeupFromShutDownCfg3             
0000287d  Power_init                                                  
00002aa1  RF_close                                                    
00002bb1  PowerCC26XX_standbyPolicy                                   
00002cb1  NOROM_SetupAfterColdResetWakeupFromShutDownCfg2             
00002e89  SwiP_construct                                              
00002f61  NOROM_RFCRfTrimRead                                         
00003035  RF_pendCmd                                                  
00003109  NOROM_RFCRTrim                                              
0000342d  Power_releaseDependency                                     
000034e9  RF_postCmd                                                  
000035a1  Power_setDependency                                         
00003705  TimerP_construct                                            
00003861  ClockP_workFuncDynamic                                      
00003909  NOROM_SetupTrimDevice                                       
00003a59  EasyLink_abort                                              
00003afd  NOROM_SetupAfterColdResetWakeupFromShutDownCfg1             
00003c45  txDoneCb                                                    
00003ce9  PIN_open                                                    
00003d89  SwiP_dispatch                                               
00003e29  ClockP_startup                                              
00003f61  __aeabi_memcpy                                              
00003f61  __aeabi_memcpy4                                             
00003f61  __aeabi_memcpy8                                             
00003f61  memcpy                                                      
00003ffd  SemaphoreP_pend                                             
000042f5  __aeabi_uldivmod                                            
0000441d  CC1310_LAUNCHXL_sendExtFlashByte                            
00004525  ClockP_start                                                
000046a1  __aeabi_memclr                                              
000046a1  __aeabi_memclr4                                             
000046a1  __aeabi_memclr8                                             
000046a3  __aeabi_memset                                              
000046a3  __aeabi_memset4                                             
000046a3  __aeabi_memset8                                             
000046a9  memset                                                      
0000471b  SemaphoreP_destruct                                         
0000471d  HwiP_construct                                              
00004795  ClockP_walkQueueDynamic                                     
00004809  NOROM_SetupSetVddrLevel                                     
000048ed  TimerP_start                                                
0000495d  PowerCC26XX_initiateCalibration                             
00004a35  NOROM_SetupGetTrimForAmpcompCtrl                            
00004a9d  NOROM_SetupGetTrimForAnabypassValue1                        
00004b05  NOROM_SysCtrlAdjustRechargeAfterPowerDown                   
00004b6d  NOROM_SysCtrl_DCDC_VoltageConditionalControl                
00004bd5  SwiP_post                                                   
00004c3d  __TI_decompress_lzss                                        
00004d0d  NOROM_OSCHF_AttemptToSwitchToXosc                           
00004e9d  ClockP_usleep                                               
00004e9d  usleep                                                      
00004efd  NOROM_OSCClockSourceSet                                     
00004f5d  PowerCC26XX_calibrate                                       
00004fbd  RF_getCurrentTime                                           
0000507d  PowerCC26XX_RCOSC_clockFunc                                 
00005191  createTxAdvFromTx                                           
000051eb  _nop                                                        
000051ed  PIN_remove                                                  
000052f1  NOROM_SetupSetCacheModeAccordingToCcfgSetting               
000053e1  SemaphoreP_construct                                        
00005431  CC1310_LAUNCHXL_wakeUpExtFlash                              
0000547d  ClockP_construct                                            
000054c5  SwiP_restore                                                
00005509  __TI_auto_init_nobinit_nopinit                              
0000554d  CC1310_LAUNCHXL_shutDownExtFlash                            
0000558d  NOROM_ChipInfo_GetHwRevision                                
0000560d  NOROM_OSC_HPOSCRelativeFrequencyOffsetGet                   
00005649  NOROM_RFCSynthPowerDown                                     
00005685  PowerCC26XX_isStableXOSC_HF                                 
00005739  SemaphoreP_post                                             
000057b1  PIN_setConfig                                               
000057e9  PIN_setOutputValue                                          
00005859  RF_powerConstraintRelease                                   
00005891  TimerP_setNextTick                                          
000058c7  clkFxn                                                      
000058c9  ClockP_getTicksUntilInterrupt                               
000058fd  NOROM_IntRegister                                           
00005931  NOROM_OSCHF_SwitchToRcOscTurnOffXosc                        
00005965  Power_releaseConstraint                                     
00005999  SwiP_destruct                                               
000059cd  TimerP_initDevice                                           
00005a35  rand                                                        
00005a69  NOROM_ChipInfo_GetChipType                                  
00005a99  NOROM_SetupSetAonRtcSubSecInc                               
00005ac9  Power_setConstraint                                         
00005af9  TimerP_getCurrentTick                                       
00005b29  TimerP_setThreshold                                         
00005bb5  NOROM_DDI32RegWrite                                         
00005be1  NOROM_OSCClockSourceGet                                     
00005c0d  NOROM_RFCCpePatchReset                                      
00005c39  NOROM_SetupGetTrimForRadcExtCfg                             
00005cbd  EasyLink_getAbsTime                                         
00005ce5  NOROM_AONBatMonTemperatureGetDegC                           
00005d0d  NOROM_RFCDoorbellSendTo                                     
00005d35  NOROM_RFCOverrideSearch                                     
00005d5d  Power_registerNotify                                        
00005d85  RF_runCmd                                                   
00005dad  SafeHapiVoid                                                
00005dd5  ClockP_getTicks                                             
00005df9  ClockP_scheduleNextTick                                     
00005e1d  List_remove                                                 
00005ed1  TimerP_getMaxTicks                                          
00005ef5  _c_int00                                                    
00005f3d  List_get                                                    
00005f5f  List_insert                                                 
00005f81  List_put                                                    
00005fa3  List_putHead                                                
00005fc5  ClockP_add                                                  
00005fe5  NOROM_RFCAdi3VcoLdoVoltageMode                              
00006005  NOROM_SetupGetTrimForXoscHfCtl                              
00006025  Power_unregisterNotify                                      
000060a5  PIN_close                                                   
000060c3  Power_getTransitionLatency                                  
000060ff  SemaphoreP_constructBinary                                  
0000611d  CC1310_LAUNCHXL_initGeneral                                 
00006139  HwiP_destruct                                               
00006155  NOROM_ChipInfo_GetChipFamily                                
00006171  NOROM_SetupGetTrimForAmpcompTh2                             
0000618d  NOROM_SetupGetTrimForRcOscLfRtuneCtuneTrim                  
000061c5  QueueP_put                                                  
000061fd  RF_powerConstraintSet                                       
00006219  SwiP_disable                                                
00006235  SwiP_or                                                     
00006251  TimerP_dynamicStub                                          
000062dd  QueueP_get                                                  
00006327  ClockP_destruct                                             
0000633f  ClockP_getTimeout                                           
00006359  HwiP_inISR                                                  
00006371  NOROM_AONRTCCurrentCompareValueGet                          
00006389  NOROM_ChipInfo_GetPackageType                               
000063a1  NOROM_OSCHF_TurnOnXosc                                      
000063b9  NOROM_RFCCpeIntGetAndClear                                  
000063d1  NOROM_SetupGetTrimForAdcShModeEn                            
000063e9  NOROM_SetupGetTrimForAdcShVbufEn                            
00006401  NOROM_SetupGetTrimForAmpcompTh1                             
00006419  NOROM_SetupGetTrimForDblrLoopFilterResetVoltage             
00006431  NOROM_SetupGetTrimForRcOscLfIBiasTrim                       
00006449  NOROM_SetupGetTrimForXoscLfRegulatorAndCmirrwrRatio         
00006461  Power_idleFunc                                              
00006479  RF_cancelCmd                                                
000064a9  _args_main                                                  
000064c1  __aeabi_lmul                                                
000064ef  HwiP_setFunc                                                
00006505  NOROM_ThisLibraryIsFor_CC13x0_HwRev20AndLater_HaltIfViolated
00006531  EasyLink_Params_init                                        
00006545  List_clearList                                              
00006559  NOROM_AONRTCCurrent64BitValueGet                            
0000656d  NOROM_IntUnregister                                         
00006581  PIN_getOutputValue                                          
00006595  Power_disablePolicy                                         
000065a9  RF_Params_init                                              
0000660d  TimerP_startup                                              
00006635  resetISR                                                    
00006649  HwiP_Params_init                                            
0000665b  main                                                        
0000666d  ClockP_Params_init                                          
0000667d  HwiP_disable                                                
0000668d  HwiP_enableInterrupt                                        
0000669d  HwiP_post                                                   
000066ad  NOROM_RFCHwIntGetAndClear                                   
000066bd  NOROM_RFCRfTrimSet                                          
000066cd  NOROM_SetupGetTrimForXoscHfFastStart                        
000066dd  NOROM_SetupGetTrimForXoscHfIbiastherm                       
000066ed  PINCC26XX_getPinCount                                       
000066fd  PowerCC26XX_schedulerDisable                                
0000670d  Power_enablePolicy                                          
0000673d  SemaphoreP_Params_init                                      
0000674d  SwiP_Params_init                                            
0000675d  TimerP_Params_init                                          
000067ad  NOROM_VIMSModeGet                                           
000067bb  QueueP_empty                                                
000067c9  QueueP_remove                                               
000067e5  __TI_decompress_none                                        
000067f5  ClockP_doTick                                               
00006801  NOROM_CPUcpsid                                              
0000680d  NOROM_CPUcpsie                                              
00006819  NOROM_OSC_HPOSCRelativeFrequencyOffsetToRFCoreFormatConvert 
00006825  PowerCC26XX_schedulerRestore                                
00006831  Power_getConstraintMask                                     
0000683d  Power_getDependencyCount                                    
00006849  RF_powerConstraintGet                                       
00006855  SwiP_getTrigger                                             
00006861  TimerP_getFreq                                              
0000686d  __TI_zero_init                                              
00006879  Board_init                                                  
00006881  Board_initHook                                              
00006889  HwiP_restore                                                
000068b1  ClockP_stop                                                 
000068b7  NOROM_CPUdelay                                              
000068bd  QueueP_init                                                 
000068cd  ClockP_isActive                                             
000068d1  ClockP_setTimeout                                           
000068d5  HwiP_enable                                                 
000068d5  NoRTOS_start                                                
000068d9  NOROM_RFCOverrideUpdate                                     
000068dd  PowerCC26XX_switchXOSC_HF                                   
000068e1  QueueP_head                                                 
000068e5  QueueP_next                                                 
000068e9  TimerP_getCount64                                           
000068ed  _system_pre_init                                            
000068f1  C$$EXIT                                                     
000068f1  abort                                                       
00006903  __aeabi_idiv0                                               
00006903  __aeabi_ldiv0                                               
00009884  resourceDB                                                  
000098d0  BoardGpioInitTable                                          
00009918  PowerCC26XX_config                                          
0000997c  RFCC26XX_hwAttrs                                            
00009990  PINCC26XX_hwAttrs                                           
00009998  EasyLink_numSupportedPhys                                   
0000999c  __c_args__                                                  
00009bc8  __TI_Handler_Table_Base                                     
00009bd4  __TI_Handler_Table_Limit                                    
00009be8  __TI_CINIT_Base                                             
00009c00  __TI_CINIT_Limit                                            
0001ffa8  __ccfg                                                      
20000000  __start___llvm_prf_cnts                                     
20000000  __stop___llvm_prf_cnts                                      
20000000  pinUpperBound                                               
20000004  pinLowerBound                                               
20000098  pinHandleTable                                              
20000114  PowerCC26XX_module                                          
2000022c  HwiP_swiPIntNum                                             
200002fc  ClockP_tickPeriod                                           
200003b8  EasyLink_supportedPhys                                      
20000448  pOverrides_sl_lr                                            
200004ac  pOverrides_lrm                                              
20000504  RF_PROP_txPowerTable                                        
2000055c  pOverrides                                                  
200005b0  pOverrides_fsk                                              
20000674  RF_cmdPropRxAdv_preDef                                      
200006a4  RF_cmdPropRadioDivSetup                                     
200006cc  RF_cmdPropRadioDivSetup_fsk                                 
200006f4  RF_cmdPropRadioDivSetup_lrm                                 
2000071c  RF_cmdPropRadioDivSetup_sl_lr                               
20000760  RF_cmdFs                                                    
20000778  RF_cmdFs_preDef                                             
20000790  RF_cmdPropTx                                                
200007a8  RF_prop                                                     
200007b8  RF_prop_fsk                                                 
200007c8  RF_prop_lrm                                                 
200007d8  RF_prop_sl_lr                                               
200007ec  SemaphoreP_defaultParams                                    
200007f4  pinTable                                                    
20000800  _lock                                                       
20000804  _unlock                                                     
20000e8a  driverlib_release_0_60062                                   
20000ec0  _sys_memory                                                 
20001000  g_pfnRAMVectors                                             
20004c00  __stack                                                     
20005000  __STACK_END                                                 
ffffffff  __TI_pprof_out_hndl                                         
ffffffff  __TI_prof_data_size                                         
ffffffff  __TI_prof_data_start                                        
ffffffff  __binit__                                                   
ffffffff  binit                                                       
UNDEFED   __mpu_init                                                  
UNDEFED   _system_post_cinit                                          

[272 symbols]
